// Jest Snapshot v1, https://goo.gl/fbAQLP

exports[`Matches DOM Snapshot 1`] = `
<div
  className="MuiContainer-root MuiContainer-maxWidthMd css-kwaj63-MuiContainer-root"
>
  <p
    className="MuiTypography-root MuiTypography-body1 css-a04nev-MuiTypography-root"
  >
    <span>
      Este site foi produzido por Ícaro Santos, com o intuito de aprender sobre o uso dos componente do Material UI e também para estudar alguns conceitos do React, dentre eles: react-dom, react-routers, react-context entre outros.
    </span>
    <span>
      O intutito desse site é apenas o front-end da aplicação, foi criado um back-end fake para servir alguns dados de autenticação para a aplicação e para servir os dados dos filmes foi utilizado a api do themoviedb "https://www.themoviedb.org/documentation/api".
    </span>
  </p>
</div>
`;
